
> ming-salvage-web@0.1.0 test
> vitest run --environment jsdom --run src/useSettlementFlow.test.tsx


 RUN  v4.1.9 /Users/akagilnc/WorkSpace/Ming_LLM-1900-w5/web

 ❯ src/useSettlementFlow.test.tsx (18 tests | 1 failed) 58ms
     × refreshes a non-ending month while the tail runs, then stops on persisted failure 5ms

⎯⎯⎯⎯⎯⎯⎯ Failed Tests 1 ⎯⎯⎯⎯⎯⎯⎯

 FAIL  src/useSettlementFlow.test.tsx > #1845 background tail failure observation > refreshes a non-ending month while the tail runs, then stops on persisted failure
AssertionError: the given combination of arguments (undefined and string) is invalid for this assertion. You can use an array, a map, an object, a set, a string, or a weakset instead of a string
 ❯ src/useSettlementFlow.test.tsx:296:63
    294|     await act(async () => { await vi.advanceTimersByTimeAsync(1000); }…
    295|     expect(loadState).toHaveBeenCalledTimes(1);
    296|     expect(host.querySelector('[role="alert"]')?.textContent).toContai…
       |                                                               ^
    297|     await act(async () => { await vi.advanceTimersByTimeAsync(1000); }…
    298|     expect(loadState).toHaveBeenCalledTimes(1);

⎯⎯⎯⎯⎯⎯⎯⎯⎯⎯⎯⎯⎯⎯⎯⎯⎯⎯⎯⎯⎯⎯⎯⎯[1/1]⎯


 Test Files  1 failed (1)
      Tests  1 failed | 17 passed (18)
   Start at  03:01:15
   Duration  2.70s (transform 110ms, setup 0ms, import 208ms, tests 58ms, environment 2.30s)
