tests/test_faction_leverage_9.py,test_settle_path_triggers_reconcile_before_next_period
tests/test_fiscal_beyond_intent_1260.py,test_s1_engine_grant_fiscal_create_stays_beyond_intent_zero
tests/test_fiscal_levy_effect.py,test_fiscal_levy_bad_region_does_not_redistribute_jiao_lian_targets
tests/test_fiscal_levy_effect.py,test_fiscal_levy_components_are_land_share_calibrated_and_marked_provisional
tests/test_fiscal_levy_effect.py,test_fiscal_levy_incomplete_first_pass_does_not_freeze_zero_share_seed
tests/test_fiscal_levy_effect.py,test_lian_levy_start_triggers_and_updates_shadow_settle_before_fiscal_tick
tests/test_fiscal_substrate_bridge.py,test_conservation_rejects_excluded_army_with_pay_source_debt
tests/test_fiscal_substrate_bridge.py,test_conservation_rejects_province_source_army_without_settle_base
tests/test_fiscal_substrate_bridge.py,test_economy_pay_arrears_from_central_account_splits_by_current_debt_ratio
tests/test_fiscal_substrate_bridge.py,test_fixed_flows_substrate_hub_books_split_treasury_income_and_central_losses
tests/test_fiscal_substrate_bridge.py,test_fixed_flows_substrate_hub_central_pay_carries_transport_loss_without_jingyun
tests/test_fiscal_substrate_bridge.py,test_fixed_flows_substrate_hub_central_pay_shares_hub_tier_with_jingyun_grants
tests/test_fiscal_substrate_bridge.py,test_settle_province_tick_persists_border_remainder_golden
tests/test_fiscal_substrate_bridge.py,test_south_southwest_seeds_have_valid_historical_settle_substrate
tests/test_fiscal_substrate_bridge.py,test_standalone_army_pay_container_total_rejects_malformed_region_shapes
tests/test_fiscal_substrate_bridge.py,test_standalone_army_pay_funnel_rejects_malformed_settle_shapes
tests/test_fiscal_substrate_bridge.py,test_substrate_hub_cutover_runs_multi_tick_treasury_trajectory
tests/test_fiscal_substrate_bridge.py,test_substrate_hub_skip_uses_internal_marker_not_user_fixed_display
tests/test_fiscal_substrate_bridge.py,test_substrate_malformed_settle_shape_is_logged_not_prefiltered
tests/test_fiscal_tick.py,test_conservation_error_is_distinct_type
tests/test_grant_reconciliation_567.py,test_close_merges_recon_note_without_second_treasury_debit
tests/test_grant_reconciliation_567.py,test_failed_close_reconciles_only_when_the_silver_already_left
tests/test_grant_reconciliation_567.py,test_normal_close_same_turn_still_reconciles
tests/test_grant_reconciliation_567.py,test_settle_entry_lands_engine_arrival_per_route
tests/test_identity_seed_488.py,test_seed_schema_rejects_invalid_values
tests/test_issue_decree_token_1277.py,test_double_issue_same_token_second_is_409_turn_plus_one
tests/test_llm_channel_config.py,test_legacy_backend_env_uses_runner_default_model_not_api_model
tests/test_llm_channel_config.py,test_verify_llm_available_respects_api_channel_over_backend_env
tests/test_llm_channel_config.py,test_verify_llm_available_smokes_cli_channel_without_backend_env
tests/test_manual_directive_locality_1685.py,test_manual_directive_region_assembly_writes_single_and_advances
tests/test_material_directory_1830.py,test_prepare_fails_loud_when_dossier_read_breaks
tests/test_material_directory_1830.py,test_read_material_stays_inside_directory
tests/test_mechanical_tail_1845.py,test_chapter_memory_retired_from_three_readers
tests/test_mechanical_tail_1845.py,test_mechanical_tail_missing_llm_config_surfaces_retry
tests/test_mechanical_tail_1845.py,test_non_exhausted_tail_failure_stays_pending_and_retries
tests/test_mechanical_tail_1845.py,test_real_brew_failure_reaches_tail_failure_and_retry
tests/test_mechanical_tail_1845.py,test_web_barrier_resumes_pending_tail_before_join
tests/test_menu_lifecycle_drain_396.py,test_drain_archive_move_failure_keeps_wal_and_shm
tests/test_menu_lifecycle_drain_396.py,test_drain_archive_moves_wal_and_shm_with_main_db
tests/test_menu_lifecycle_drain_396.py,test_drain_archive_rolls_back_main_db_when_wal_move_fails
tests/test_menu_lifecycle_drain_396.py,test_drain_archive_skips_move_when_session_close_fails
tests/test_menu_lifecycle_drain_396.py,test_drain_rejects_late_pending_write_before_gate_acquire
tests/test_menu_lifecycle_drain_396.py,test_drain_waits_for_queued_chat_stream_not_just_gate_holder
tests/test_menu_lifecycle_drain_396.py,test_get_main_db_path_prefers_active_db_over_launch_env
tests/test_menu_lifecycle_drain_396.py,test_new_game_active_write_failure_restores_env_and_old_game
tests/test_menu_lifecycle_drain_396.py,test_new_game_failure_restores_old_game_and_main_db_path
tests/test_menu_lifecycle_drain_396.py,test_new_game_switches_db_path_when_web_game_is_none
tests/test_menu_lifecycle_drain_396.py,test_restore_main_db_path_config_remove_failure_is_loud
tests/test_menu_lifecycle_drain_396.py,test_shutdown_without_web_game_skips_drain_and_kills
tests/test_menu_lifecycle_drain_396.py,test_spawn_pending_write_thread_start_failure_releases_ownership
tests/test_month_chain_1843.py,test_advance_reloads_memory_after_transaction_rollback
tests/test_month_chain_1843.py,test_advance_uses_staged_declaration_ending
tests/test_month_chain_1843.py,test_held_dossier_settlement_failure_retry_and_reentry_isolation
tests/test_month_chain_1843.py,test_player_month_entry_settles_prepushed_edicts_then_world_once
tests/test_month_chain_1843.py,test_world_segment_reads_material_directory
tests/test_month_chain_1847.py,test_answering_world_question_resumes_suffix_then_gazette
tests/test_month_chain_1847.py,test_build_secret_orders_supply_feed_uses_fact_materials_not_assembled_effects
tests/test_month_chain_1847.py,test_decree_continuation_ending_ends_the_month
tests/test_month_chain_1847.py,test_decree_continuation_keeps_forecast_and_lands_affair_effect
tests/test_month_chain_1847.py,test_decree_continuation_survives_llm_exhaustion_then_retries
tests/test_month_chain_1847.py,test_decree_question_continuation_idempotent_on_same_turn_reentry
tests/test_month_chain_1847.py,test_missing_model_does_not_mark_world_continued
tests/test_month_chain_1847.py,test_pending_disclosures_share_commit_boundary_with_effects
tests/test_month_chain_1847.py,test_question_note_only_is_kept_and_other_decisions_still_require_label
tests/test_month_chain_1847.py,test_settle_edicts_persists_pending_disclosures_in_same_transaction
tests/test_month_chain_1847.py,test_step_4a_deferred_disclosure_sees_fresh_0058_progress
tests/test_month_chain_1847.py,test_step_4a_no_eligible_objects_skips_run_and_completes
tests/test_month_chain_1847.py,test_step_4a_rescript_path_feeds_landed_not_assembled_effects
tests/test_month_chain_1847.py,test_step_4a_settles_due_secret_order
tests/test_month_open_snapshot_1234.py,test_web_advance_entry_awaiting_keeps_phase_and_decisions
tests/test_month_open_snapshot_1234.py,test_web_advance_entry_exposes_settlement_display
tests/test_month_open_snapshot_1234.py,test_web_issue_entry_exposes_settlement_display
tests/test_mutiny_latch_315.py,test_arrears_spiral_enters_mutiny_only_after_both_conditions
tests/test_mutiny_latch_315.py,test_exempt_armies_preserve_mutiny_latch
tests/test_mutiny_latch_315.py,test_mutiny_exits_at_40_only_when_arrears_have_retired
tests/test_mutiny_latch_315.py,test_mutiny_stays_latched_while_loyalty_recovers_below_40
tests/test_mutiny_latch_315.py,test_raised_loyalty_alone_does_not_release_latch
tests/test_mutiny_progression_316.py,test_old_save_migrates_and_mutiny_progress_survives_reopen
tests/test_new_game_write_path_1749.py,test_load_save_close_fail_restores_writable_old_game
tests/test_new_game_write_path_1749.py,test_new_game_construct_failure_keeps_old_writable
tests/test_on_scene_immediate_write_1839.py,test_undo_reverses_round_on_scene_writes
tests/test_pay_order_override_653.py,test_central_due_haircut_consumer
tests/test_pay_order_override_653.py,test_golden2_haircut_half_is_exemption_not_debt
tests/test_pay_order_override_653.py,test_r4_golden2_expiry_falls_back_to_next_specific
tests/test_person_delta_adapter.py,test_apply_score_extraction_does_not_echo_normalized_person_changes
tests/test_person_delta_adapter.py,test_apply_score_extraction_rolls_back_derived_release_when_office_write_fails
tests/test_person_delta_adapter.py,test_derived_release_rejection_keeps_prior_person_change_in_atomic_batch
tests/test_person_delta_adapter.py,test_derived_release_restores_when_post_office_helper_raises
tests/test_person_delta_adapter.py,test_disposition_manual_rollback_restores_memory_reason_fields
tests/test_person_delta_adapter.py,test_political_marker_is_audit_only_no_status_premigration
tests/test_person_delta_adapter.py,test_reappoint_rollback_restores_character_reason
tests/test_person_delta_adapter.py,test_rejected_derived_appointment_durably_restores_complete_person_state
tests/test_player_army_projection_321.py,test_army_state_and_map_payloads_project_situation
tests/test_player_army_projection_321.py,test_restore_five_columns_and_player_tier_across_paths
tests/test_promulgation_judge_561.py,test_promulgation_context_is_deterministic_and_excludes_satisfaction
tests/test_qa_c2_phase_settlement_mask_1374.py,test_resolve_stream_clear_throw_emits_error_not_done
tests/test_qa_c2_phase_settlement_mask_1374.py,test_resolve_stream_uses_settlement_period_entry
tests/test_qa_t1_extraction_dual_source_1353.py,test_close_after_chat_passes_write_gate_like_auto_close
tests/test_qa_t1_extraction_dual_source_1353.py,test_close_after_chat_session_write_gate_fallback
tests/test_refugee_loop_652.py,test_bandit_absorption_clamps_pool_strength_and_ceiling
tests/test_refugee_loop_652.py,test_bandit_absorption_rejects_unknown_fields_keeps_clean_sibling
tests/test_refugee_loop_652.py,test_in_transit_relief_stays_executing_before_gazette
tests/test_refugee_loop_652.py,test_monthly_recovery_follows_each_month_actual_payment
tests/test_scene_llm_1836.py,test_remote_xuan_feeds_summon_facts_to_scene
tests/test_session_write_queue_1353.py,test_get_session_write_queue_wiring_fail_loud_no_broad_swallow
tests/test_settlement_write_guard_393.py,test_direct_db_write_succeeds_when_free
tests/test_web_chat_serialization_393.py,test_identity_setup_failure_preserves_question_and_releases_pending_owner
tests/test_web_chat_serialization_393.py,test_lightweight_stream_seam_reaches_done_without_durable_identity_or_night_signature
tests/test_web_chat_serialization_393.py,test_nonstream_chat_rejects_when_session_draining
tests/test_web_llm_runtime_config.py,test_api_set_llm_config_keep_sentinels_pass_none_to_build
tests/test_appointment_tenure_607.py,test_failed_dossier_reappointment_rolls_back_audit_and_sequence
tests/test_army_card_status_1501.py,test_shared_consumers_still_surface_status
tests/test_army_salary_44.py,test_army_needed_non_ming_no_pay
tests/test_army_salary_44.py,test_army_needed_scales_with_manpower
tests/test_army_salary_44.py,test_total_ming_salary_is_72_ceil_sum
tests/test_audience_background.py,test_current_unissued_draft_is_not_character_carryover
tests/test_audience_presence_500.py,test_court_break_writes_no_exit_ledger
tests/test_audience_restore_505.py,test_657_rescript_summon_writes_enter_fact_and_is_idempotent
tests/test_audience_restore_505.py,test_legacy_agno_sessions_runs_blob_still_counts_and_truncates
tests/test_audience_restore_505.py,test_reconcile_blob_baseline_drops_table_only_new_run
tests/test_audience_restore_505.py,test_start_chat_turn_second_turn_reads_agno_v3_runs
tests/test_audience_scroll_539.py,test_closed_night_archive_derives_stable_titles_people_and_no_content
tests/test_audience_scroll_539.py,test_extractor_open_tags_do_not_drive_beat_or_soft_boundary
tests/test_audience_scroll_539.py,test_real_http_scroll_merges_ministers_asides_and_story_without_raw_character_stats
tests/test_audience_translate_1837.py,test_scene_chat_cli_and_api_same_translation_shape
tests/test_audience_translate_1837.py,test_translation_entry_preserves_unknown_rejection_and_source_cutoff
tests/test_audience_translate_1837_reopen.py,test_prohibit_covert_levy_commission_binds_exposed_dossier
tests/test_audience_travel_gating_670.py,test_arrived_summon_continuation_survives_failed_apply_across_months
tests/test_audience_travel_gating_670.py,test_cli_midflow_summon_consumes_admission_without_entering
tests/test_audience_travel_gating_670.py,test_cli_midflow_summon_rejects_unknown_unregistered_person
tests/test_audience_travel_gating_670.py,test_fresh_summon_applier_failure_rolls_back_and_close_retry_is_safe
tests/test_centrifuge_ledger_690.py,test_t14_reason_code_sets_and_reject_unrecognized
tests/test_character_knowledge_489.py,test_central_ledgers_and_unbounded_household_history_reach_final_materials
tests/test_character_knowledge_489.py,test_current_state_facts_are_selected_by_content_domain_not_role_label
tests/test_chat_stream_failpaths_393.py,test_worker_postprocess_exception_emits_error_end
tests/test_cli_play_turn.py,test_cli_does_not_end_unadvanced_turn
tests/test_cli_play_turn.py,test_issue_refusal_stays_in_loop
tests/test_cli_play_turn.py,test_play_turn_reports_default_approval_secret_order_failure
tests/test_cli_play_turn.py,test_play_turn_reports_secret_order_failure_when_settlement_aborts
tests/test_cli_play_turn.py,test_play_turn_skip_prints_dossier_settlement_report_and_ends_turn
tests/test_cli_play_turn.py,test_play_turn_skip_settlement_abort_stays_in_player_loop
tests/test_cli_play_turn.py,test_review_issue_reaches_staged_directive_default_approval
tests/test_cli_play_turn.py,test_terminal_minister_chat_persists_messages_before_session_chat
tests/test_cli_play_turn.py,test_terminal_minister_chat_preserves_chat_error_when_rollback_fails
tests/test_cli_play_turn.py,test_terminal_minister_chat_removes_user_message_when_session_chat_fails
tests/test_cli_play_turn.py,test_terminal_minister_chat_removes_user_message_when_session_chat_interrupted
tests/test_cli_play_turn.py,test_terminal_minister_chat_reply_persist_failure_keeps_user_message
tests/test_cli_runner_error_typed_1299.py,test_clichat_normal_reply_still_returns
tests/test_cli_runner_error_typed_1299.py,test_clichat_runner_exit_raises_typed_llm_unavailable
tests/test_commitment_backlash_626.py,test_ac1_failed_terminal_triggers_commitment_backlash
tests/test_decree_commitment_settlement_229.py,test_commitment_progress_fractional_strict_gate_can_be_satisfied
tests/test_decree_commitment_settlement_229.py,test_commitment_progress_keeps_strict_stop_gate_semantics
tests/test_decree_commitment_settlement_229.py,test_commitment_progress_skips_non_numeric_gate_values
tests/test_decree_dossiers_571.py,test_final_decree_edit_path_removed_no_bypass
tests/test_decree_forecast_1861.py,test_held_rejudgments_overlap_instead_of_waiting_in_one_worker
tests/test_decree_forecast_1861.py,test_restored_directive_forecast_uses_its_approved_night
tests/test_empire_modifier_income_only_341.py,test_income_still_modified_by_legacy
tests/test_enter_settlement_period_1235.py,test_awaiting_decision_still_emits_pending
tests/test_enter_settlement_period_1235.py,test_concurrent_advance_noncreator_must_not_clear_owner_snapshot
tests/test_enter_settlement_period_1235.py,test_exit_settlement_display_acquires_write_gate
tests/test_enter_settlement_period_1235.py,test_session_reaccept_orphan_exits_after_owner_release
tests/test_error_pack.py,test_web_issue_endpoint_returns_structured_abort
tests/test_event_chain_cascade.py,test_contradictory_positive_terminal_state_gate_fails_loud
tests/test_event_chain_cascade.py,test_event_dependency_cycle_fails_loud
tests/test_event_trigger_gate.py,test_issue_194_strategic_foreign_events_are_explicitly_classified_and_gated
tests/test_execution_tenure_613.py,test_td8_same_office_four_tenures_live_assembly_chain
tests/test_executor_routing_721.py,test_rolled_back_collector_reuse_does_not_mirror_orphan
tests/test_faction_brew_637.py,test_source_faction_target_faction_equals_current_projection_and_nulls_and_no_concatenation
tests/test_faction_leverage_9.py,test_active_member_empty_office_contributes_zero_weight
tests/test_faction_leverage_9.py,test_recompute_all_reconciles_drift_from_unhooked_path
tests/test_fiscal_substrate_bridge.py,test_settling_context_retry_does_not_recompute_substrate_hub_pre_settle
tests/test_fiscal_substrate_bridge.py,test_apply_fixed_period_flows_malformed_fiscal_container_isolated
tests/test_fiscal_substrate_bridge.py,test_apply_fixed_period_flows_malformed_fiscal_json_isolated
tests/test_fiscal_substrate_bridge.py,test_apply_fixed_period_flows_malformed_fiscal_scalar_isolated
tests/test_fiscal_substrate_bridge.py,test_all_ming_settle_substrates_advance_into_ledger
tests/test_llm_channel_config.py,test_verify_llm_available_smokes_legacy_env_only_backend
tests/test_qa_t1_extraction_dual_source_1353.py,test_resolve_turn_write_gate_held_by_caller_no_reenter
